// Jest Snapshot v1, https://goo.gl/fbAQLP

exports[`Tram-One - Performance Tests should render lots of elements quickly 1`] = `
Object {
  "0010": Object {
    "averageTime": 0.9516620333333398,
    "fastestTime": 0.9037150000003749,
    "medianTime": 0.9215529999996761,
    "slowestTime": 1.0828809999998157,
  },
  "0050": Object {
    "averageTime": 1.699407533333321,
    "fastestTime": 1.66351399999985,
    "medianTime": 1.7052809999995588,
    "slowestTime": 1.743308999999499,
  },
  "0100": Object {
    "averageTime": 2.6770084333333517,
    "fastestTime": 2.6289689999994152,
    "medianTime": 2.6796269999995275,
    "slowestTime": 2.7887809999992896,
  },
  "0500": Object {
    "averageTime": 11.761249933333481,
    "fastestTime": 10.726630000001023,
    "medianTime": 12.18350400000054,
    "slowestTime": 12.850361999999222,
  },
  "1000": Object {
    "averageTime": 24.464915066666315,
    "fastestTime": 23.570772999999463,
    "medianTime": 24.517947000000277,
    "slowestTime": 25.224985999997443,
  },
  "5000": Object {
    "averageTime": 115.48004893333321,
    "fastestTime": 112.64445100000012,
    "medianTime": 115.55091199999879,
    "slowestTime": 119.40099199999531,
  },
}
`;
